{
  "version": "1.5.0",
  "plugins_used": [
    {
      "name": "ArtifactoryDetector"
    },
    {
      "name": "AWSKeyDetector"
    },
    {
      "name": "AzureStorageKeyDetector"
    },
    {
      "name": "Base64HighEntropyString",
      "limit": 4.5
    },
    {
      "name": "BasicAuthDetector"
    },
    {
      "name": "CloudantDetector"
    },
    {
      "name": "DiscordBotTokenDetector"
    },
    {
      "name": "GitHubTokenDetector"
    },
    {
      "name": "GitLabTokenDetector"
    },
    {
      "name": "HexHighEntropyString",
      "limit": 3.0
    },
    {
      "name": "IbmCloudIamDetector"
    },
    {
      "name": "IbmCosHmacDetector"
    },
    {
      "name": "IPPublicDetector"
    },
    {
      "name": "JwtTokenDetector"
    },
    {
      "name": "KeywordDetector",
      "keyword_exclude": ""
    },
    {
      "name": "MailchimpDetector"
    },
    {
      "name": "NpmDetector"
    },
    {
      "name": "OpenAIDetector"
    },
    {
      "name": "PrivateKeyDetector"
    },
    {
      "name": "PypiTokenDetector"
    },
    {
      "name": "SendGridDetector"
    },
    {
      "name": "SlackDetector"
    },
    {
      "name": "SoftlayerDetector"
    },
    {
      "name": "SquareOAuthDetector"
    },
    {
      "name": "StripeDetector"
    },
    {
      "name": "TelegramBotTokenDetector"
    },
    {
      "name": "TwilioKeyDetector"
    }
  ],
  "filters_used": [
    {
      "path": "detect_secrets.filters.allowlist.is_line_allowlisted"
    },
    {
      "path": "detect_secrets.filters.common.is_ignored_due_to_verification_policies",
      "min_level": 2
    },
    {
      "path": "detect_secrets.filters.heuristic.is_indirect_reference"
    },
    {
      "path": "detect_secrets.filters.heuristic.is_likely_id_string"
    },
    {
      "path": "detect_secrets.filters.heuristic.is_lock_file"
    },
    {
      "path": "detect_secrets.filters.heuristic.is_not_alphanumeric_string"
    },
    {
      "path": "detect_secrets.filters.heuristic.is_potential_uuid"
    },
    {
      "path": "detect_secrets.filters.heuristic.is_prefixed_with_dollar_sign"
    },
    {
      "path": "detect_secrets.filters.heuristic.is_sequential_string"
    },
    {
      "path": "detect_secrets.filters.heuristic.is_swagger_file"
    },
    {
      "path": "detect_secrets.filters.heuristic.is_templated_secret"
    },
    {
      "path": "detect_secrets.filters.regex.should_exclude_file",
      "pattern": [
        "(.*\\.lock|.*\\.local/.*|tests/.*|.*\\.git/.*|.*\\.pytest_cache/.*|node_modules/.*|.*\\.zkcoder/.*|.*\\.local-tools/.*|.*\\.m2/.*|target/.*)"
      ]
    }
  ],
  "results": {
    ".github/workflows/test.yml": [
      {
        "type": "Secret Keyword",
        "filename": ".github/workflows/test.yml",
        "hashed_secret": "5a21585c3dfc2797afe4634fa150d996f4ef5b5e",
        "is_verified": false,
        "line_number": 30
      }
    ],
    "accountant/accountant-app/src/main/resources/application.yml": [
      {
        "type": "Secret Keyword",
        "filename": "accountant/accountant-app/src/main/resources/application.yml",
        "hashed_secret": "f1097d3eb64a1283953361156a8633fcc3827b3c",
        "is_verified": false,
        "line_number": 17
      }
    ],
    "api/api-app/src/main/resources/application.yml": [
      {
        "type": "Secret Keyword",
        "filename": "api/api-app/src/main/resources/application.yml",
        "hashed_secret": "f1097d3eb64a1283953361156a8633fcc3827b3c",
        "is_verified": false,
        "line_number": 12
      }
    ],
    "bc-gateway/bc-gateway-app/src/main/resources/application-otc.yml": [
      {
        "type": "Secret Keyword",
        "filename": "bc-gateway/bc-gateway-app/src/main/resources/application-otc.yml",
        "hashed_secret": "f1097d3eb64a1283953361156a8633fcc3827b3c",
        "is_verified": false,
        "line_number": 15
      }
    ],
    "bc-gateway/bc-gateway-app/src/main/resources/application.yml": [
      {
        "type": "Secret Keyword",
        "filename": "bc-gateway/bc-gateway-app/src/main/resources/application.yml",
        "hashed_secret": "f1097d3eb64a1283953361156a8633fcc3827b3c",
        "is_verified": false,
        "line_number": 16
      },
      {
        "type": "Secret Keyword",
        "filename": "bc-gateway/bc-gateway-app/src/main/resources/application.yml",
        "hashed_secret": "71f8e7976e4cbc4561c9d62fb283e7f788202acb",
        "is_verified": false,
        "line_number": 106
      }
    ],
    "eventlog/eventlog-app/src/main/resources/application.yml": [
      {
        "type": "Secret Keyword",
        "filename": "eventlog/eventlog-app/src/main/resources/application.yml",
        "hashed_secret": "f1097d3eb64a1283953361156a8633fcc3827b3c",
        "is_verified": false,
        "line_number": 14
      }
    ],
    "market/market-app/src/main/resources/application.yml": [
      {
        "type": "Secret Keyword",
        "filename": "market/market-app/src/main/resources/application.yml",
        "hashed_secret": "f1097d3eb64a1283953361156a8633fcc3827b3c",
        "is_verified": false,
        "line_number": 16
      }
    ],
    "tools/zkpol_bridge/README.md": [
      {
        "type": "Basic Auth Credentials",
        "filename": "tools/zkpol_bridge/README.md",
        "hashed_secret": "afc848c316af1a89d49826c5ae9d00ed769415f3",
        "is_verified": false,
        "line_number": 22
      },
      {
        "type": "Basic Auth Credentials",
        "filename": "tools/zkpol_bridge/README.md",
        "hashed_secret": "5a21585c3dfc2797afe4634fa150d996f4ef5b5e",
        "is_verified": false,
        "line_number": 24
      },
      {
        "type": "Basic Auth Credentials",
        "filename": "tools/zkpol_bridge/README.md",
        "hashed_secret": "43a51068e01840b6e8697c7d6e39f433462cca77",
        "is_verified": false,
        "line_number": 78
      }
    ],
    "tools/zkpol_bridge/env.local.example": [
      {
        "type": "Basic Auth Credentials",
        "filename": "tools/zkpol_bridge/env.local.example",
        "hashed_secret": "43a51068e01840b6e8697c7d6e39f433462cca77",
        "is_verified": false,
        "line_number": 1
      },
      {
        "type": "Basic Auth Credentials",
        "filename": "tools/zkpol_bridge/env.local.example",
        "hashed_secret": "5a21585c3dfc2797afe4634fa150d996f4ef5b5e",
        "is_verified": false,
        "line_number": 2
      }
    ],
    "tools/zkpol_bridge/run_local_bridge.sh": [
      {
        "type": "Basic Auth Credentials",
        "filename": "tools/zkpol_bridge/run_local_bridge.sh",
        "hashed_secret": "43a51068e01840b6e8697c7d6e39f433462cca77",
        "is_verified": false,
        "line_number": 18
      },
      {
        "type": "Basic Auth Credentials",
        "filename": "tools/zkpol_bridge/run_local_bridge.sh",
        "hashed_secret": "5a21585c3dfc2797afe4634fa150d996f4ef5b5e",
        "is_verified": false,
        "line_number": 19
      }
    ],
    "user-management/keycloak-gateway/src/main/kotlin/co/nilin/opex/auth/gateway/config/KeycloakServerProperties.kt": [
      {
        "type": "Secret Keyword",
        "filename": "user-management/keycloak-gateway/src/main/kotlin/co/nilin/opex/auth/gateway/config/KeycloakServerProperties.kt",
        "hashed_secret": "d033e22ae348aeb5660fc2140aec35850c4da997",
        "is_verified": false,
        "line_number": 15
      }
    ],
    "user-management/keycloak-gateway/src/main/resources/application.yml": [
      {
        "type": "Secret Keyword",
        "filename": "user-management/keycloak-gateway/src/main/resources/application.yml",
        "hashed_secret": "f1097d3eb64a1283953361156a8633fcc3827b3c",
        "is_verified": false,
        "line_number": 18
      }
    ],
    "user-management/keycloak-gateway/src/main/resources/opex-realm.json": [
      {
        "type": "Secret Keyword",
        "filename": "user-management/keycloak-gateway/src/main/resources/opex-realm.json",
        "hashed_secret": "9da7e3e889c1bfbcb7a3b1ccd94e0981d0f4808a",
        "is_verified": false,
        "line_number": 520
      },
      {
        "type": "Secret Keyword",
        "filename": "user-management/keycloak-gateway/src/main/resources/opex-realm.json",
        "hashed_secret": "d1081e351fbebe0deb0c2867d5f731c8f9cc3fd8",
        "is_verified": false,
        "line_number": 543
      },
      {
        "type": "Secret Keyword",
        "filename": "user-management/keycloak-gateway/src/main/resources/opex-realm.json",
        "hashed_secret": "1777570b6c10b8613bbd5f8bfa87d9e914ae0e16",
        "is_verified": false,
        "line_number": 548
      }
    ],
    "wallet/wallet-app/src/main/resources/application-localbridge.yml": [
      {
        "type": "Secret Keyword",
        "filename": "wallet/wallet-app/src/main/resources/application-localbridge.yml",
        "hashed_secret": "98fb2b03ef46a3efbee639cd56d91ab03309d113",
        "is_verified": false,
        "line_number": 31
      },
      {
        "type": "Secret Keyword",
        "filename": "wallet/wallet-app/src/main/resources/application-localbridge.yml",
        "hashed_secret": "43a51068e01840b6e8697c7d6e39f433462cca77",
        "is_verified": false,
        "line_number": 38
      }
    ],
    "wallet/wallet-app/src/main/resources/application-otc.yml": [
      {
        "type": "Secret Keyword",
        "filename": "wallet/wallet-app/src/main/resources/application-otc.yml",
        "hashed_secret": "f1097d3eb64a1283953361156a8633fcc3827b3c",
        "is_verified": false,
        "line_number": 31
      }
    ],
    "wallet/wallet-app/src/main/resources/application.yml": [
      {
        "type": "Secret Keyword",
        "filename": "wallet/wallet-app/src/main/resources/application.yml",
        "hashed_secret": "f1097d3eb64a1283953361156a8633fcc3827b3c",
        "is_verified": false,
        "line_number": 32
      },
      {
        "type": "Secret Keyword",
        "filename": "wallet/wallet-app/src/main/resources/application.yml",
        "hashed_secret": "71f8e7976e4cbc4561c9d62fb283e7f788202acb",
        "is_verified": false,
        "line_number": 119
      }
    ],
    "wallet/wallet-app/src/test/resources/application.yml": [
      {
        "type": "Secret Keyword",
        "filename": "wallet/wallet-app/src/test/resources/application.yml",
        "hashed_secret": "71f8e7976e4cbc4561c9d62fb283e7f788202acb",
        "is_verified": false,
        "line_number": 62
      }
    ]
  },
  "generated_at": "2026-05-11T07:44:41Z"
}
